============================= test session starts ==============================
platform linux -- Python 3.12.3, pytest-9.0.2, pluggy-1.6.0 -- /usr/bin/python
cachedir: .pytest_cache
rootdir: /home/runner/work/BananaWiki/BananaWiki
collecting ... collected 773 items

tests/test_chats.py::test_chat_list_requires_login PASSED                [  0%]
tests/test_chats.py::test_chat_list_empty PASSED                         [  0%]
tests/test_chats.py::test_new_chat_page PASSED                           [  0%]
tests/test_chats.py::test_start_chat_with_user PASSED                    [  0%]
tests/test_chats.py::test_start_chat_with_self PASSED                    [  0%]
tests/test_chats.py::test_start_chat_with_nonexistent_user PASSED        [  0%]
tests/test_chats.py::test_start_chat_empty_username PASSED               [  0%]
tests/test_chats.py::test_send_message PASSED                            [  1%]
tests/test_chats.py::test_send_empty_message PASSED                      [  1%]
tests/test_chats.py::test_send_too_long_message PASSED                   [  1%]
tests/test_chats.py::test_non_participant_cannot_send PASSED             [  1%]
tests/test_chats.py::test_view_chat PASSED                               [  1%]
tests/test_chats.py::test_non_participant_cannot_view PASSED             [  1%]
tests/test_chats.py::test_chat_shows_in_list PASSED                      [  1%]
tests/test_chats.py::test_send_message_with_attachment PASSED            [  1%]
tests/test_chats.py::test_attachment_download PASSED                     [  2%]
tests/test_chats.py::test_attachment_bad_extension PASSED                [  2%]
tests/test_chats.py::test_attachment_daily_limit PASSED                  [  2%]
tests/test_chats.py::test_admin_chats_list PASSED                        [  2%]
tests/test_chats.py::test_admin_chats_filter_by_user PASSED              [  2%]
tests/test_chats.py::test_admin_read_chat PASSED                         [  2%]
tests/test_chats.py::test_non_admin_cannot_access_admin_chats PASSED     [  2%]
tests/test_chats.py::test_admin_can_download_chat_attachment PASSED      [  2%]
tests/test_chats.py::test_db_get_or_create_chat_idempotent PASSED        [  3%]
tests/test_chats.py::test_db_is_chat_participant PASSED                  [  3%]
tests/test_chats.py::test_db_chat_messages_order PASSED                  [  3%]
tests/test_chats.py::test_db_cleanup_old_chat_messages PASSED            [  3%]
tests/test_chats.py::test_db_get_all_messages_for_backup PASSED          [  3%]
tests/test_chats.py::test_attachment_oversized_file PASSED               [  3%]
tests/test_chats.py::test_admin_chat_monitor_link_in_account PASSED      [  3%]
tests/test_deindex.py::test_set_page_deindexed_sets_flag PASSED          [  4%]
tests/test_deindex.py::test_search_pages_excludes_deindexed_by_default PASSED [  4%]
tests/test_deindex.py::test_search_pages_includes_deindexed_when_requested PASSED [  4%]
tests/test_deindex.py::test_search_pages_visible_page_always_included PASSED [  4%]
tests/test_deindex.py::test_adjacent_pages_skips_deindexed PASSED        [  4%]
tests/test_deindex.py::test_admin_can_deindex_page PASSED                [  4%]
tests/test_deindex.py::test_admin_can_reindex_page PASSED                [  4%]
tests/test_deindex.py::test_editor_can_deindex_page PASSED               [  4%]
tests/test_deindex.py::test_regular_user_cannot_deindex_page PASSED      [  5%]
tests/test_deindex.py::test_cannot_deindex_home_page PASSED              [  5%]
tests/test_deindex.py::test_deindexed_page_accessible_by_url_for_regular_user PASSED [  5%]
tests/test_deindex.py::test_api_search_excludes_deindexed_for_regular_user PASSED [  5%]
tests/test_deindex.py::test_api_search_includes_deindexed_for_editor PASSED [  5%]
tests/test_deindex.py::test_api_search_includes_deindexed_for_admin PASSED [  5%]
tests/test_deindex.py::test_deindexed_badge_shown_to_admin PASSED        [  5%]
tests/test_deindex.py::test_deindexed_page_accessible_to_regular_user PASSED [  5%]
tests/test_deindex.py::test_category_tree_includes_deindexed_for_admin PASSED [  6%]
tests/test_deindex.py::test_category_tree_hides_deindexed_from_regular_user PASSED [  6%]
tests/test_fixes.py::test_account_settings_renders PASSED                [  6%]
tests/test_fixes.py::test_404_renders PASSED                             [  6%]
tests/test_fixes.py::test_home_page_shows_editor_info PASSED             [  6%]
tests/test_fixes.py::test_slugify_empty_input PASSED                     [  6%]
tests/test_fixes.py::test_api_delete_draft_validates_page_id PASSED      [  6%]
tests/test_fixes.py::test_admin_cannot_suspend_self PASSED               [  6%]
tests/test_fixes.py::test_admin_cannot_delete_self PASSED                [  7%]
tests/test_fixes.py::test_edit_title_records_history PASSED              [  7%]
tests/test_fixes.py::test_admin_settings_rejects_invalid_color PASSED    [  7%]
tests/test_fixes.py::test_admin_settings_accepts_valid_colors PASSED     [  7%]
tests/test_fixes.py::test_time_ago_future_dates PASSED                   [  7%]
tests/test_fixes.py::test_time_ago_edge_cases PASSED                     [  7%]
tests/test_fixes.py::test_admin_rename_user_short_username PASSED        [  7%]
tests/test_fixes.py::test_admin_rename_user_empty_username PASSED        [  8%]
tests/test_fixes.py::test_create_page_invalid_category PASSED            [  8%]
tests/test_fixes.py::test_move_page_invalid_category PASSED              [  8%]
tests/test_fixes.py::test_signup_duplicate_username_race PASSED          [  8%]
tests/test_fixes.py::test_admin_create_user_duplicate PASSED             [  8%]
tests/test_fixes.py::test_create_page_nonnumeric_category PASSED         [  8%]
tests/test_fixes.py::test_move_page_nonnumeric_category PASSED           [  8%]
tests/test_fixes.py::test_create_category_nonnumeric_parent PASSED       [  8%]
tests/test_fixes.py::test_admin_settings_rejects_long_site_name PASSED   [  9%]
tests/test_fixes.py::test_admin_cannot_demote_last_admin PASSED          [  9%]
tests/test_fixes.py::test_move_page_to_uncategorized PASSED              [  9%]
tests/test_fixes.py::test_signup_empty_invite_code PASSED                [  9%]
tests/test_fixes.py::test_login_empty_fields PASSED                      [  9%]
tests/test_fixes.py::test_last_admin_cannot_delete_own_account PASSED    [  9%]
tests/test_fixes.py::test_delete_user_with_invite_code PASSED            [  9%]
tests/test_fixes.py::test_self_delete_account_with_invite_code PASSED    [  9%]
tests/test_fixes.py::test_page_history_enabled_by_default PASSED         [ 10%]
tests/test_fixes.py::test_page_history_entry_returns_404_for_missing PASSED [ 10%]
tests/test_fixes.py::test_page_revert_returns_404_for_missing PASSED     [ 10%]
tests/test_fixes.py::test_page_history_accessible PASSED                 [ 10%]
tests/test_fixes.py::test_editor_cannot_access_invite_codes PASSED       [ 10%]
tests/test_fixes.py::test_editor_info_shown_with_history_link PASSED     [ 10%]
tests/test_fixes.py::test_delete_user_preserves_invite_code_history PASSED [ 10%]
tests/test_fixes.py::test_create_category_empty_name PASSED              [ 10%]
tests/test_fixes.py::test_edit_category_empty_name PASSED                [ 11%]
tests/test_fixes.py::test_403_template_exists PASSED                     [ 11%]
tests/test_fixes.py::test_admin_cannot_change_own_role PASSED            [ 11%]
tests/test_fixes.py::test_cannot_demote_last_admin_via_other PASSED      [ 11%]
tests/test_fixes.py::test_editor_does_not_see_invite_codes_link PASSED   [ 11%]
tests/test_fixes.py::test_admin_sees_invite_codes_link PASSED            [ 11%]
tests/test_fixes.py::test_create_category_nonexistent_parent PASSED      [ 11%]
tests/test_fixes.py::test_admin_rename_user_integrity_error PASSED       [ 12%]
tests/test_fixes.py::test_account_change_username_duplicate PASSED       [ 12%]
tests/test_fixes.py::test_edit_nonexistent_category PASSED               [ 12%]
tests/test_fixes.py::test_delete_nonexistent_category PASSED             [ 12%]
tests/test_fixes.py::test_move_page_button_visible PASSED                [ 12%]
tests/test_fixes.py::test_move_page_button_not_on_home PASSED            [ 12%]
tests/test_fixes.py::test_delete_upload_empty_filename PASSED            [ 12%]
tests/test_fixes.py::test_delete_upload_missing_filename PASSED          [ 12%]
tests/test_fixes.py::test_admin_change_role_invalid_value PASSED         [ 13%]
tests/test_fixes.py::test_create_page_long_title PASSED                  [ 13%]
tests/test_fixes.py::test_edit_page_title_too_long PASSED                [ 13%]
tests/test_fixes.py::test_edit_page_title_empty PASSED                   [ 13%]
tests/test_fixes.py::test_create_category_long_name PASSED               [ 13%]
tests/test_fixes.py::test_edit_category_long_name PASSED                 [ 13%]
tests/test_fixes.py::test_signup_username_too_long PASSED                [ 13%]
tests/test_fixes.py::test_account_username_too_long PASSED               [ 13%]
tests/test_fixes.py::test_admin_create_user_username_too_long PASSED     [ 14%]
tests/test_fixes.py::test_admin_rename_user_username_too_long PASSED     [ 14%]
tests/test_fixes.py::test_edit_home_redirects_to_root PASSED             [ 14%]
tests/test_fixes.py::test_edit_title_home_redirects_to_root PASSED       [ 14%]
tests/test_fixes.py::test_create_page_preserves_form_data PASSED         [ 14%]
tests/test_fixes.py::test_admin_change_password_mismatch PASSED          [ 14%]
tests/test_fixes.py::test_admin_change_password_success PASSED           [ 14%]
tests/test_fixes.py::test_format_datetime_valid PASSED                   [ 15%]
tests/test_fixes.py::test_format_datetime_edge_cases PASSED              [ 15%]
tests/test_fixes.py::test_time_hover_tooltip_on_page PASSED              [ 15%]
tests/test_fixes.py::test_time_hover_tooltip_on_slug_page PASSED         [ 15%]
tests/test_fixes.py::test_history_link_always_shown PASSED               [ 15%]
tests/test_fixes.py::test_revert_preserves_old_versions PASSED           [ 15%]
tests/test_fixes.py::test_commit_includes_contributor_names PASSED       [ 15%]
tests/test_fixes.py::test_commit_cleans_up_all_drafts PASSED             [ 15%]
tests/test_fixes.py::test_commit_without_contributors_no_extra_message PASSED [ 16%]
tests/test_fixes.py::test_sync_retry_constants PASSED                    [ 16%]
tests/test_fixes.py::test_sync_caption_includes_descriptions PASSED      [ 16%]
tests/test_fixes.py::test_csrf_protection_enabled PASSED                 [ 16%]
tests/test_fixes.py::test_csrf_rejects_post_without_token PASSED         [ 16%]
tests/test_fixes.py::test_security_headers PASSED                        [ 16%]
tests/test_fixes.py::test_session_cookie_config PASSED                   [ 16%]
tests/test_fixes.py::test_logout_rejects_get PASSED                      [ 16%]
tests/test_fixes.py::test_logout_works_with_post PASSED                  [ 17%]
tests/test_fixes.py::test_invite_code_uses_secrets PASSED                [ 17%]
tests/test_fixes.py::test_invite_code_not_using_random_module PASSED     [ 17%]
tests/test_fixes.py::test_safe_referrer_blocks_external PASSED           [ 17%]
tests/test_fixes.py::test_safe_referrer_allows_same_origin PASSED        [ 17%]
tests/test_fixes.py::test_username_rejects_special_characters PASSED     [ 17%]
tests/test_fixes.py::test_username_rejects_newlines PASSED               [ 17%]
tests/test_fixes.py::test_username_rejects_spaces PASSED                 [ 17%]
tests/test_fixes.py::test_username_allows_valid_chars PASSED             [ 18%]
tests/test_fixes.py::test_setup_rejects_invalid_username PASSED          [ 18%]
tests/test_fixes.py::test_account_change_rejects_invalid_username PASSED [ 18%]
tests/test_fixes.py::test_admin_create_user_rejects_invalid_username PASSED [ 18%]
tests/test_fixes.py::test_admin_rename_rejects_invalid_username PASSED   [ 18%]
tests/test_fixes.py::test_is_valid_username_helper PASSED                [ 18%]
tests/test_fixes.py::test_log_sanitize_strips_newlines PASSED            [ 18%]
tests/test_fixes.py::test_delete_upload_path_traversal_blocked PASSED    [ 19%]
tests/test_fixes.py::test_csp_header_present PASSED                      [ 19%]
tests/test_fixes.py::test_log_sanitize_covers_all_request_fields PASSED  [ 19%]
tests/test_fixes.py::test_log_action_sanitizes_ip_and_action PASSED      [ 19%]
tests/test_fixes.py::test_log_sanitize_prevents_injection_at_runtime PASSED [ 19%]
tests/test_fixes.py::test_proxy_mode_default PASSED                      [ 19%]
tests/test_fixes.py::test_proxy_fix_applied_when_enabled PASSED          [ 19%]
tests/test_fixes.py::test_proxy_fix_applied_by_default PASSED            [ 19%]
tests/test_fixes.py::test_port_config_default PASSED                     [ 20%]
tests/test_fixes.py::test_wsgi_entry_point PASSED                        [ 20%]
tests/test_fixes.py::test_gunicorn_conf_exists PASSED                    [ 20%]
tests/test_fixes.py::test_gunicorn_conf_reads_config PASSED              [ 20%]
tests/test_fixes.py::test_category_forms_include_csrf PASSED             [ 20%]
tests/test_fixes.py::test_category_actions_visible_in_sidebar PASSED     [ 20%]
tests/test_fixes.py::test_draft_delete_cleans_up PASSED                  [ 20%]
tests/test_fixes.py::test_api_my_drafts PASSED                           [ 20%]
tests/test_fixes.py::test_get_user_draft_count PASSED                    [ 21%]
tests/test_fixes.py::test_list_user_drafts PASSED                        [ 21%]
tests/test_fixes.py::test_login_rate_limiting PASSED                     [ 21%]
tests/test_fixes.py::test_edit_page_has_save_draft_close PASSED          [ 21%]
tests/test_fixes.py::test_edit_page_has_sync_indicator PASSED            [ 21%]
tests/test_fixes.py::test_login_clears_session_before_setting_user PASSED [ 21%]
tests/test_fixes.py::test_rate_limit_clears_on_successful_login PASSED   [ 21%]
tests/test_fixes.py::test_page_delete_form_has_csrf PASSED               [ 21%]
tests/test_fixes.py::test_admin_users_forms_have_csrf PASSED             [ 22%]
tests/test_fixes.py::test_admin_codes_forms_have_csrf PASSED             [ 22%]
tests/test_fixes.py::test_history_revert_form_has_csrf PASSED            [ 22%]
tests/test_fixes.py::test_account_settings_forms_have_csrf PASSED        [ 22%]
tests/test_fixes.py::test_admin_settings_form_has_csrf PASSED            [ 22%]
tests/test_fixes.py::test_create_page_form_has_csrf PASSED               [ 22%]
tests/test_fixes.py::test_edit_page_form_has_csrf PASSED                 [ 22%]
tests/test_fixes.py::test_session_lifetime_configured PASSED             [ 23%]
tests/test_fixes.py::test_500_error_template_exists PASSED               [ 23%]
tests/test_fixes.py::test_category_has_collapse_toggle PASSED            [ 23%]
tests/test_fixes.py::test_login_updates_last_login_at PASSED             [ 23%]
tests/test_fixes.py::test_admin_audit_route_exists PASSED                [ 23%]
tests/test_fixes.py::test_admin_audit_requires_admin PASSED              [ 23%]
tests/test_fixes.py::test_admin_users_shows_last_login PASSED            [ 23%]
tests/test_fixes.py::test_create_page_has_editor_and_preview PASSED      [ 23%]
tests/test_fixes.py::test_category_delete_moves_pages_to_uncategorized PASSED [ 24%]
tests/test_fixes.py::test_category_delete_bulk_deletes_pages PASSED      [ 24%]
tests/test_fixes.py::test_category_delete_moves_pages_to_another_category PASSED [ 24%]
tests/test_fixes.py::test_category_manage_panel_visible PASSED           [ 24%]
tests/test_fixes.py::test_move_category_to_parent PASSED                 [ 24%]
tests/test_fixes.py::test_move_category_to_top_level PASSED              [ 24%]
tests/test_fixes.py::test_move_category_into_itself_rejected PASSED      [ 24%]
tests/test_fixes.py::test_move_category_manage_panel_has_move_option PASSED [ 24%]
tests/test_fixes.py::test_move_category_circular_reference_rejected PASSED [ 25%]
tests/test_fixes.py::test_is_descendant_of PASSED                        [ 25%]
tests/test_fixes.py::test_delete_category_move_validates_target PASSED   [ 25%]
tests/test_fixes.py::test_login_required_no_duplicate_flash PASSED       [ 25%]
tests/test_fixes.py::test_create_and_get_announcement PASSED             [ 25%]
tests/test_fixes.py::test_list_announcements PASSED                      [ 25%]
tests/test_fixes.py::test_update_announcement PASSED                     [ 25%]
tests/test_fixes.py::test_delete_announcement PASSED                     [ 26%]
tests/test_fixes.py::test_get_active_announcements_visibility PASSED     [ 26%]
tests/test_fixes.py::test_get_active_announcements_expired PASSED        [ 26%]
tests/test_fixes.py::test_get_active_announcements_inactive PASSED       [ 26%]
tests/test_fixes.py::test_admin_announcements_page PASSED                [ 26%]
tests/test_fixes.py::test_admin_create_announcement PASSED               [ 26%]
tests/test_fixes.py::test_admin_create_announcement_requires_content PASSED [ 26%]
tests/test_fixes.py::test_admin_create_announcement_max_length PASSED    [ 26%]
tests/test_fixes.py::test_admin_edit_announcement PASSED                 [ 27%]
tests/test_fixes.py::test_admin_delete_announcement PASSED               [ 27%]
tests/test_fixes.py::test_announcement_shown_in_base PASSED              [ 27%]
tests/test_fixes.py::test_announcement_full_view PASSED                  [ 27%]
tests/test_fixes.py::test_announcement_full_view_404_for_wrong_visibility PASSED [ 27%]
tests/test_fixes.py::test_announcement_admin_link_in_account_settings PASSED [ 27%]
tests/test_fixes.py::test_easter_egg_column_exists PASSED                [ 27%]
tests/test_fixes.py::test_set_easter_egg_found PASSED                    [ 27%]
tests/test_fixes.py::test_set_easter_egg_found_idempotent PASSED         [ 28%]
tests/test_fixes.py::test_easter_egg_trigger_endpoint_requires_login PASSED [ 28%]
tests/test_fixes.py::test_easter_egg_trigger_endpoint_sets_flag PASSED   [ 28%]
tests/test_fixes.py::test_get_all_referenced_image_filenames_empty PASSED [ 28%]
tests/test_fixes.py::test_get_all_referenced_image_filenames_from_page PASSED [ 28%]
tests/test_fixes.py::test_get_all_referenced_image_filenames_from_history PASSED [ 28%]
tests/test_fixes.py::test_cleanup_unused_uploads_removes_unreferenced PASSED [ 28%]
tests/test_fixes.py::test_cleanup_unused_uploads_keeps_referenced PASSED [ 28%]
tests/test_fixes.py::test_cleanup_unused_uploads_keeps_history_referenced PASSED [ 29%]
tests/test_fixes.py::test_draft_discard_triggers_cleanup PASSED          [ 29%]
tests/test_fixes.py::test_page_commit_removes_images_not_in_content PASSED [ 29%]
tests/test_fixes.py::test_cleanup_skips_dotfiles PASSED                  [ 29%]
tests/test_fixes.py::test_edit_page_has_discard_draft_button PASSED      [ 29%]
tests/test_fixes.py::test_account_settings_has_my_drafts_section PASSED  [ 29%]
tests/test_fixes.py::test_api_draft_mine_returns_list PASSED             [ 29%]
tests/test_fixes.py::test_api_draft_mine_includes_user_draft PASSED      [ 30%]
tests/test_fixes.py::test_api_draft_others_returns_new_format PASSED     [ 30%]
tests/test_fixes.py::test_api_draft_others_404_for_missing_page PASSED   [ 30%]
tests/test_fixes.py::test_stale_draft_warning_shown_when_page_newer PASSED [ 30%]
tests/test_fixes.py::test_stale_draft_warning_hidden_when_no_draft PASSED [ 30%]
tests/test_fixes.py::test_commit_clears_all_page_drafts PASSED           [ 30%]
tests/test_fixes.py::test_default_timezone_is_utc PASSED                 [ 30%]
tests/test_fixes.py::test_update_and_retrieve_timezone PASSED            [ 30%]
tests/test_fixes.py::test_format_datetime_uses_configured_timezone PASSED [ 31%]
tests/test_fixes.py::test_format_datetime_dst_handling PASSED            [ 31%]
tests/test_fixes.py::test_format_datetime_leap_year PASSED               [ 31%]
tests/test_fixes.py::test_admin_settings_saves_timezone PASSED           [ 31%]
tests/test_fixes.py::test_admin_settings_rejects_invalid_timezone PASSED [ 31%]
tests/test_fixes.py::test_admin_settings_page_shows_timezone_dropdown PASSED [ 31%]
tests/test_fixes.py::test_favicon_columns_exist_in_db PASSED             [ 31%]
tests/test_fixes.py::test_favicon_defaults PASSED                        [ 31%]
tests/test_fixes.py::test_admin_settings_page_shows_favicon_section PASSED [ 32%]
tests/test_fixes.py::test_favicon_enable_sets_flag PASSED                [ 32%]
tests/test_fixes.py::test_favicon_disable_clears_flag PASSED             [ 32%]
tests/test_fixes.py::test_favicon_invalid_type_falls_back_to_yellow PASSED [ 32%]
tests/test_fixes.py::test_favicon_link_tag_in_base_when_enabled PASSED   [ 32%]
tests/test_fixes.py::test_favicon_link_tag_absent_when_disabled PASSED   [ 32%]
tests/test_fixes.py::test_banana_favicon_files_exist PASSED              [ 32%]
tests/test_fixes.py::test_reset_password_no_users PASSED                 [ 32%]
tests/test_fixes.py::test_reset_password_quit PASSED                     [ 33%]
tests/test_fixes.py::test_reset_password_updates_password PASSED         [ 33%]
tests/test_fixes.py::test_reset_password_mismatch_then_success PASSED    [ 33%]
tests/test_fixes.py::test_reset_password_too_short_then_success PASSED   [ 33%]
tests/test_fixes.py::test_reset_password_invalid_selection_then_valid PASSED [ 33%]
tests/test_fixes.py::test_superuser_column_exists PASSED                 [ 33%]
tests/test_fixes.py::test_superuser_default_zero PASSED                  [ 33%]
tests/test_fixes.py::test_admin_cannot_delete_superuser PASSED           [ 34%]
tests/test_fixes.py::test_admin_cannot_suspend_superuser PASSED          [ 34%]
tests/test_fixes.py::test_admin_cannot_change_superuser_role PASSED      [ 34%]
tests/test_fixes.py::test_admin_cannot_change_superuser_username PASSED  [ 34%]
tests/test_fixes.py::test_admin_cannot_change_superuser_password PASSED  [ 34%]
tests/test_fixes.py::test_superuser_cannot_delete_own_account PASSED     [ 34%]
tests/test_fixes.py::test_superuser_cannot_change_own_username PASSED    [ 34%]
tests/test_fixes.py::test_superuser_cannot_change_own_password PASSED    [ 34%]
tests/test_fixes.py::test_superuser_has_admin_access PASSED              [ 35%]
tests/test_fixes.py::test_superuser_not_assigned_on_setup PASSED         [ 35%]
tests/test_fixes.py::test_lockdown_columns_exist_in_db PASSED            [ 35%]
tests/test_fixes.py::test_lockdown_page_redirects_to_login_when_inactive PASSED [ 35%]
tests/test_fixes.py::test_lockdown_page_renders_when_active PASSED       [ 35%]
tests/test_fixes.py::test_lockdown_page_shows_admin_login_link PASSED    [ 35%]
tests/test_fixes.py::test_lockdown_redirects_unauthenticated_users PASSED [ 35%]
tests/test_fixes.py::test_lockdown_redirects_regular_user PASSED         [ 35%]
tests/test_fixes.py::test_lockdown_allows_admin_through PASSED           [ 36%]
tests/test_fixes.py::test_lockdown_blocks_non_admin_login PASSED         [ 36%]
tests/test_fixes.py::test_lockdown_allows_admin_login PASSED             [ 36%]
tests/test_fixes.py::test_lockdown_login_hides_signup_link PASSED        [ 36%]
tests/test_fixes.py::test_lockdown_login_shows_signup_link_when_inactive PASSED [ 36%]
tests/test_fixes.py::test_lockdown_signup_redirects_to_lockdown PASSED   [ 36%]
tests/test_fixes.py::test_lockdown_settings_saved_via_admin PASSED       [ 36%]
tests/test_fixes.py::test_lockdown_settings_disabled_by_default PASSED   [ 36%]
tests/test_fixes.py::test_admin_settings_page_shows_lockdown_section PASSED [ 37%]
tests/test_fixes.py::test_create_category_modal_shows_all_categories PASSED [ 37%]
tests/test_fixes.py::test_create_page_form_has_category_selector PASSED  [ 37%]
tests/test_fixes.py::test_create_page_with_category_places_page_in_category PASSED [ 37%]
tests/test_fixes.py::test_create_page_category_preserved_on_error PASSED [ 37%]
tests/test_fixes.py::test_lockdown_api_endpoint_returns_json_403 PASSED  [ 37%]
tests/test_fixes.py::test_lockdown_api_endpoint_json_403_for_unauthenticated PASSED [ 37%]
tests/test_fixes.py::test_lockdown_html_endpoint_still_redirects PASSED  [ 38%]
tests/test_fixes.py::test_page_history_route_returns_404_when_disabled PASSED [ 38%]
tests/test_fixes.py::test_page_history_entry_route_returns_404_when_disabled PASSED [ 38%]
tests/test_fixes.py::test_revert_page_route_returns_404_when_disabled PASSED [ 38%]
tests/test_fixes.py::test_view_history_link_present_when_enabled PASSED  [ 38%]
tests/test_fixes.py::test_view_history_link_absent_when_disabled PASSED  [ 38%]
tests/test_fixes.py::test_my_drafts_section_shown_to_editor PASSED       [ 38%]
tests/test_fixes.py::test_my_drafts_section_shown_to_admin PASSED        [ 38%]
tests/test_fixes.py::test_my_drafts_section_hidden_for_regular_user PASSED [ 39%]
tests/test_fixes.py::test_home_page_has_move_modal_with_categories PASSED [ 39%]
tests/test_fixes.py::test_view_page_has_move_modal_with_categories PASSED [ 39%]
tests/test_fixes.py::test_easter_egg_page_requires_login PASSED          [ 39%]
tests/test_fixes.py::test_easter_egg_page_renders_for_logged_in_user PASSED [ 39%]
tests/test_fixes.py::test_easter_egg_page_shows_not_found_message_before_trigger PASSED [ 39%]
tests/test_fixes.py::test_easter_egg_page_shows_found_message_after_trigger PASSED [ 39%]
tests/test_fixes.py::test_easter_egg_badge_shown_in_account_settings_when_found PASSED [ 39%]
tests/test_fixes.py::test_easter_egg_badge_absent_in_account_settings_when_not_found PASSED [ 40%]
tests/test_fixes.py::test_announcement_full_view_expiry_uses_format_datetime PASSED [ 40%]
tests/test_fixes.py::test_announcement_full_view_expiry_respects_timezone PASSED [ 40%]
tests/test_fixes.py::test_announcement_full_view_no_expiry_section_when_none PASSED [ 40%]
tests/test_fixes.py::test_admin_announcements_list_expiry_uses_format_datetime PASSED [ 40%]
tests/test_fixes.py::test_announcement_not_removable_default PASSED      [ 40%]
tests/test_fixes.py::test_announcement_show_countdown_default PASSED     [ 40%]
tests/test_fixes.py::test_announcement_create_with_not_removable_off PASSED [ 41%]
tests/test_fixes.py::test_announcement_create_with_show_countdown_off PASSED [ 41%]
tests/test_fixes.py::test_announcement_update_not_removable PASSED       [ 41%]
tests/test_fixes.py::test_announcement_update_show_countdown PASSED      [ 41%]
tests/test_fixes.py::test_admin_create_announcement_with_flags PASSED    [ 41%]
tests/test_fixes.py::test_admin_create_announcement_flags_unchecked PASSED [ 41%]
tests/test_fixes.py::test_admin_edit_announcement_flags PASSED           [ 41%]
tests/test_fixes.py::test_announcement_bar_not_removable_hides_close_button PASSED [ 41%]
tests/test_fixes.py::test_announcement_bar_removable_has_close_button PASSED [ 42%]
tests/test_fixes.py::test_announcement_bar_has_countdown_data PASSED     [ 42%]
tests/test_fixes.py::test_announcement_bar_no_countdown_data PASSED      [ 42%]
tests/test_fixes.py::test_admin_announcements_page_shows_flags PASSED    [ 42%]
tests/test_fixes.py::test_create_announcement_converts_local_to_utc PASSED [ 42%]
tests/test_fixes.py::test_edit_announcement_converts_local_to_utc PASSED [ 42%]
tests/test_fixes.py::test_format_datetime_local_input PASSED             [ 42%]
tests/test_fixes.py::test_history_entry_shows_editor_username PASSED     [ 42%]
tests/test_fixes.py::test_history_entry_shows_formatted_and_markdown_views PASSED [ 43%]
tests/test_fixes.py::test_history_entry_formatted_diff_uses_css_classes PASSED [ 43%]
tests/test_fixes.py::test_history_entry_markdown_view_contains_raw_content PASSED [ 43%]
tests/test_fixes.py::test_history_entry_first_revision_has_no_diff PASSED [ 43%]
tests/test_fixes.py::test_get_history_entry_includes_username PASSED     [ 43%]
tests/test_fixes.py::test_get_history_entry_shows_removed_when_user_removed PASSED [ 43%]
tests/test_fixes.py::test_api_my_drafts_includes_formatted_timestamp PASSED [ 43%]
tests/test_fixes.py::test_api_my_drafts_formatted_timestamp_respects_timezone PASSED [ 43%]
tests/test_fixes.py::test_admin_users_last_login_tooltip_uses_format_datetime PASSED [ 44%]
tests/test_fixes.py::test_admin_audit_last_login_tooltip_uses_format_datetime PASSED [ 44%]
tests/test_fixes.py::test_transfer_attribution_single_entry PASSED       [ 44%]
tests/test_fixes.py::test_transfer_attribution_returns_404_when_history_disabled PASSED [ 44%]
tests/test_fixes.py::test_bulk_transfer_attribution PASSED               [ 44%]
tests/test_fixes.py::test_bulk_transfer_attribution_returns_404_when_history_disabled PASSED [ 44%]
tests/test_fixes.py::test_history_page_shows_transfer_buttons_for_admin PASSED [ 44%]
tests/test_fixes.py::test_username_history_recorded_on_admin_rename PASSED [ 45%]
tests/test_fixes.py::test_username_history_recorded_on_self_rename PASSED [ 45%]
tests/test_fixes.py::test_audit_page_shows_username_history PASSED       [ 45%]
tests/test_fixes.py::test_audit_page_no_username_history_section_when_empty PASSED [ 45%]
tests/test_fixes.py::test_get_username_history_returns_newest_first PASSED [ 45%]
tests/test_fixes.py::test_username_history_deleted_with_user PASSED      [ 45%]
tests/test_fixes.py::test_edit_page_title_rate_limited PASSED            [ 45%]
tests/test_fixes.py::test_revert_page_rate_limited PASSED                [ 45%]
tests/test_fixes.py::test_delete_upload_logs_action PASSED               [ 46%]
tests/test_fixes.py::test_easter_egg_trigger_logs_action PASSED          [ 46%]
tests/test_fixes.py::test_transfer_attribution_rate_limited PASSED       [ 46%]
tests/test_fixes.py::test_bulk_transfer_attribution_rate_limited PASSED  [ 46%]
tests/test_fixes.py::test_api_transfer_draft_rate_limited PASSED         [ 46%]
tests/test_fixes.py::test_easter_egg_trigger_rate_limited PASSED         [ 46%]
tests/test_fixes.py::test_account_settings_rate_limited PASSED           [ 46%]
tests/test_fixes.py::test_reorder_pages_logs_action PASSED               [ 46%]
tests/test_fixes.py::test_reorder_categories_logs_action PASSED          [ 47%]
tests/test_fixes.py::test_admin_can_enable_protected_admin_status PASSED [ 47%]
tests/test_fixes.py::test_protected_admin_can_disable_status PASSED      [ 47%]
tests/test_fixes.py::test_toggle_protected_admin_wrong_password_rejected PASSED [ 47%]
tests/test_fixes.py::test_non_admin_cannot_toggle_protected_admin PASSED [ 47%]
tests/test_fixes.py::test_protected_admin_has_admin_panel_access PASSED  [ 47%]
tests/test_fixes.py::test_admin_cannot_change_protected_admin_role_via_panel PASSED [ 47%]
tests/test_fixes.py::test_protected_admin_counted_as_admin_in_count PASSED [ 47%]
tests/test_fixes.py::test_protected_admin_can_change_own_username PASSED [ 48%]
tests/test_fixes.py::test_protected_admin_can_change_own_password PASSED [ 48%]
tests/test_fixes.py::test_editor_cannot_toggle_protected_admin PASSED    [ 48%]
tests/test_fixes.py::test_admin_panel_cannot_directly_set_protected_admin_role PASSED [ 48%]
tests/test_fixes.py::test_protected_admin_can_still_suspend_another_user PASSED [ 48%]
tests/test_fixes.py::test_protected_admin_double_toggle PASSED           [ 48%]
tests/test_fixes.py::test_cannot_delete_last_protected_admin_via_account_settings PASSED [ 48%]
tests/test_fixes.py::test_admin_cannot_suspend_protected_admin PASSED    [ 49%]
tests/test_fixes.py::test_admin_cannot_delete_protected_admin PASSED     [ 49%]
tests/test_fixes.py::test_admin_cannot_rename_protected_admin PASSED     [ 49%]
tests/test_fixes.py::test_admin_cannot_change_password_of_protected_admin PASSED [ 49%]
tests/test_fixes.py::test_protected_admin_cannot_suspend_another_protected_admin PASSED [ 49%]
tests/test_fixes.py::test_protected_admin_cannot_delete_another_protected_admin PASSED [ 49%]
tests/test_fixes.py::test_protected_admin_can_edit_own_account_in_panel PASSED [ 49%]
tests/test_fixes.py::test_protected_admin_can_edit_page PASSED           [ 49%]
tests/test_fixes.py::test_protected_admin_can_create_page PASSED         [ 50%]
tests/test_fixes.py::test_protected_admin_can_login_during_lockdown PASSED [ 50%]
tests/test_fixes.py::test_editor_unrestricted_can_edit_any_page PASSED   [ 50%]
tests/test_fixes.py::test_restricted_editor_cannot_edit_page_in_wrong_category PASSED [ 50%]
tests/test_fixes.py::test_restricted_editor_can_edit_page_in_allowed_category PASSED [ 50%]
tests/test_fixes.py::test_restricted_editor_cannot_edit_uncategorized_page PASSED [ 50%]
tests/test_fixes.py::test_restricted_editor_cannot_create_page_in_disallowed_category PASSED [ 50%]
tests/test_fixes.py::test_restricted_editor_cannot_delete_page_in_disallowed_category PASSED [ 50%]
tests/test_fixes.py::test_restricted_editor_cannot_create_category PASSED [ 51%]
tests/test_fixes.py::test_admin_can_access_editor_access_page PASSED     [ 51%]
tests/test_fixes.py::test_admin_can_set_restricted_access PASSED         [ 51%]
tests/test_fixes.py::test_admin_can_set_unrestricted_access PASSED       [ 51%]
tests/test_fixes.py::test_editor_access_page_not_for_admins PASSED       [ 51%]
tests/test_fixes.py::test_get_editor_access_defaults_unrestricted PASSED [ 51%]
tests/test_fixes.py::test_deleted_category_removed_from_allowed_list PASSED [ 51%]
tests/test_fixes.py::test_users_page_shows_access_button_for_editors PASSED [ 52%]
tests/test_fixes.py::test_restricted_editor_cannot_edit_category PASSED  [ 52%]
tests/test_fixes.py::test_update_page_tag_valid PASSED                   [ 52%]
tests/test_fixes.py::test_update_page_tag_none PASSED                    [ 52%]
tests/test_fixes.py::test_update_page_tag_invalid_rejected PASSED        [ 52%]
tests/test_fixes.py::test_page_view_shows_tag_badge PASSED               [ 52%]
tests/test_fixes.py::test_page_view_no_badge_when_no_tag PASSED          [ 52%]
tests/test_fixes.py::test_edit_page_updates_tag PASSED                   [ 52%]
tests/test_fixes.py::test_valid_difficulty_tags_constant PASSED          [ 53%]
tests/test_fixes.py::test_update_page_tag_custom_valid PASSED            [ 53%]
tests/test_fixes.py::test_update_page_tag_custom_clears_fields_on_predefined PASSED [ 53%]
tests/test_fixes.py::test_update_page_tag_custom_route_missing_label PASSED [ 53%]
tests/test_fixes.py::test_update_page_tag_custom_route_invalid_color PASSED [ 53%]
tests/test_fixes.py::test_custom_tag_badge_rendered PASSED               [ 53%]
tests/test_fixes.py::test_tag_modal_select_toggles_correct_element PASSED [ 53%]
tests/test_fixes.py::test_accessibility_save_custom_bg PASSED            [ 53%]
tests/test_fixes.py::test_accessibility_clear_custom_bg PASSED           [ 54%]
tests/test_fixes.py::test_accessibility_black_bg_not_persisted_on_invalid_colour PASSED [ 54%]
tests/test_fixes.py::test_accessibility_page_renders_a11y_style_with_custom_bg PASSED [ 54%]
tests/test_fixes.py::test_accessibility_page_no_a11y_style_after_clear PASSED [ 54%]
tests/test_fixes.py::test_base_html_has_color_scheme_dark PASSED         [ 54%]
tests/test_fixes.py::test_content_max_width_persisted PASSED             [ 54%]
tests/test_fixes.py::test_content_max_width_cleared PASSED               [ 54%]
tests/test_fixes.py::test_editor_pane_width_persisted PASSED             [ 54%]
tests/test_fixes.py::test_editor_pane_width_clamped PASSED               [ 55%]
tests/test_fixes.py::test_editor_pane_width_zero_means_default PASSED    [ 55%]
tests/test_fixes.py::test_editor_height_persisted PASSED                 [ 55%]
tests/test_fixes.py::test_editor_height_clamped PASSED                   [ 55%]
tests/test_fixes.py::test_editor_height_zero_means_default PASSED        [ 55%]
tests/test_fixes.py::test_resize_dimensions_all_persist_together PASSED  [ 55%]
tests/test_fixes.py::test_preview_renders_img_with_width PASSED          [ 55%]
tests/test_fixes.py::test_preview_renders_markdown_image_with_src PASSED [ 56%]
tests/test_fixes.py::test_preview_renders_figure_img_preserves_width PASSED [ 56%]
tests/test_fixes.py::test_account_settings_shows_customization_label PASSED [ 56%]
tests/test_fixes.py::test_base_template_shows_customize_button PASSED    [ 56%]
tests/test_group_chats.py::test_group_list_requires_login PASSED         [ 56%]
tests/test_group_chats.py::test_group_list_empty PASSED                  [ 56%]
tests/test_group_chats.py::test_create_group_page PASSED                 [ 56%]
tests/test_group_chats.py::test_create_group PASSED                      [ 56%]
tests/test_group_chats.py::test_create_group_empty_name PASSED           [ 57%]
tests/test_group_chats.py::test_create_group_too_long_name PASSED        [ 57%]
tests/test_group_chats.py::test_create_group_system_message PASSED       [ 57%]
tests/test_group_chats.py::test_creator_is_owner PASSED                  [ 57%]
tests/test_group_chats.py::test_join_group_page PASSED                   [ 57%]
tests/test_group_chats.py::test_join_group_with_code PASSED              [ 57%]
tests/test_group_chats.py::test_join_group_invalid_code PASSED           [ 57%]
tests/test_group_chats.py::test_join_group_empty_code PASSED             [ 57%]
tests/test_group_chats.py::test_join_group_already_member PASSED         [ 58%]
tests/test_group_chats.py::test_join_group_system_message PASSED         [ 58%]
tests/test_group_chats.py::test_global_chat_auto_join PASSED             [ 58%]
tests/test_group_chats.py::test_global_chat_idempotent PASSED            [ 58%]
tests/test_group_chats.py::test_global_chat_shown_in_groups PASSED       [ 58%]
tests/test_group_chats.py::test_send_group_message PASSED                [ 58%]
tests/test_group_chats.py::test_send_empty_group_message PASSED          [ 58%]
tests/test_group_chats.py::test_send_too_long_group_message PASSED       [ 58%]
tests/test_group_chats.py::test_non_member_cannot_send PASSED            [ 59%]
tests/test_group_chats.py::test_timed_out_cannot_send PASSED             [ 59%]
tests/test_group_chats.py::test_view_group PASSED                        [ 59%]
tests/test_group_chats.py::test_non_member_cannot_view PASSED            [ 59%]
tests/test_group_chats.py::test_group_shows_in_list PASSED               [ 59%]
tests/test_group_chats.py::test_send_group_message_with_attachment PASSED [ 59%]
tests/test_group_chats.py::test_group_attachment_download PASSED         [ 59%]
tests/test_group_chats.py::test_add_member_to_group PASSED               [ 60%]
tests/test_group_chats.py::test_non_mod_cannot_add_member PASSED         [ 60%]
tests/test_group_chats.py::test_owner_can_delete_message PASSED          [ 60%]
tests/test_group_chats.py::test_member_cannot_delete_message PASSED      [ 60%]
tests/test_group_chats.py::test_timeout_member PASSED                    [ 60%]
tests/test_group_chats.py::test_untimeout_member PASSED                  [ 60%]
tests/test_group_chats.py::test_indefinite_timeout PASSED                [ 60%]
tests/test_group_chats.py::test_mod_cannot_timeout_owner PASSED          [ 60%]
tests/test_group_chats.py::test_promote_member PASSED                    [ 61%]
tests/test_group_chats.py::test_demote_moderator PASSED                  [ 61%]
tests/test_group_chats.py::test_non_owner_cannot_promote PASSED          [ 61%]
tests/test_group_chats.py::test_transfer_ownership PASSED                [ 61%]
tests/test_group_chats.py::test_cannot_transfer_global_chat PASSED       [ 61%]
tests/test_group_chats.py::test_member_can_leave PASSED                  [ 61%]
tests/test_group_chats.py::test_owner_cannot_leave_without_transfer PASSED [ 61%]
tests/test_group_chats.py::test_owner_can_kick PASSED                    [ 61%]
tests/test_group_chats.py::test_mod_cannot_kick_owner PASSED             [ 62%]
tests/test_group_chats.py::test_admin_groups_list PASSED                 [ 62%]
tests/test_group_chats.py::test_admin_group_view PASSED                  [ 62%]
tests/test_group_chats.py::test_non_admin_cannot_access_admin_groups PASSED [ 62%]
tests/test_group_chats.py::test_admin_group_monitor_link_in_account PASSED [ 62%]
tests/test_group_chats.py::test_db_create_group_has_invite_code PASSED   [ 62%]
tests/test_group_chats.py::test_db_get_group_by_invite PASSED            [ 62%]
tests/test_group_chats.py::test_db_group_membership PASSED               [ 63%]
tests/test_group_chats.py::test_db_group_message_order PASSED            [ 63%]
tests/test_group_chats.py::test_db_cleanup_group_messages PASSED         [ 63%]
tests/test_group_chats.py::test_db_group_backup PASSED                   [ 63%]
tests/test_group_chats.py::test_db_timeout_expired PASSED                [ 63%]
tests/test_group_chats.py::test_db_timeout_no_timeout PASSED             [ 63%]
tests/test_group_chats.py::test_db_delete_group_message PASSED           [ 63%]
tests/test_group_chats.py::test_db_transfer_ownership PASSED             [ 63%]
tests/test_group_chats.py::test_site_admin_can_delete_global_msg PASSED  [ 64%]
tests/test_group_chats.py::test_site_admin_can_timeout_in_global PASSED  [ 64%]
tests/test_group_chats.py::test_non_admin_cannot_moderate_global PASSED  [ 64%]
tests/test_group_chats.py::test_untimeout_non_member_rejected PASSED     [ 64%]
tests/test_group_chats.py::test_expired_timeout_icon_not_shown PASSED    [ 64%]
tests/test_group_chats.py::test_active_timeout_icon_shown PASSED         [ 64%]
tests/test_group_chats.py::test_untimeout_system_message_grammar PASSED  [ 64%]
tests/test_migration.py::test_export_site_data_structure PASSED          [ 64%]
tests/test_migration.py::test_export_contains_user PASSED                [ 65%]
tests/test_migration.py::test_export_contains_home_page PASSED           [ 65%]
tests/test_migration.py::test_import_delete_all_replaces_users PASSED    [ 65%]
tests/test_migration.py::test_import_delete_all_keeps_home_page PASSED   [ 65%]
tests/test_migration.py::test_import_override_keeps_existing_user PASSED [ 65%]
tests/test_migration.py::test_import_keep_preserves_existing_data PASSED [ 65%]
tests/test_migration.py::test_import_invalid_mode_raises PASSED          [ 65%]
tests/test_migration.py::test_import_wrong_version_raises PASSED         [ 65%]
tests/test_migration.py::test_migration_page_accessible_to_admin PASSED  [ 66%]
tests/test_migration.py::test_migration_page_requires_admin PASSED       [ 66%]
tests/test_migration.py::test_export_route_returns_zip PASSED            [ 66%]
tests/test_migration.py::test_export_zip_contains_valid_json PASSED      [ 66%]
tests/test_migration.py::test_import_route_delete_all PASSED             [ 66%]
tests/test_migration.py::test_import_route_invalid_mode PASSED           [ 66%]
tests/test_migration.py::test_import_route_no_file PASSED                [ 66%]
tests/test_migration.py::test_import_route_bad_zip PASSED                [ 67%]
tests/test_migration.py::test_import_route_non_zip_extension PASSED      [ 67%]
tests/test_migration.py::test_migration_link_on_settings_page PASSED     [ 67%]
tests/test_networking.py::test_default_port PASSED                       [ 67%]
tests/test_networking.py::test_default_host_public PASSED                [ 67%]
tests/test_networking.py::test_host_localhost_default PASSED             [ 67%]
tests/test_networking.py::test_gunicorn_binds_localhost_when_not_public PASSED [ 67%]
tests/test_networking.py::test_default_proxy_mode PASSED                 [ 67%]
tests/test_networking.py::test_gunicorn_conf_bind PASSED                 [ 68%]
tests/test_networking.py::test_gunicorn_conf_no_ssl_by_default PASSED    [ 68%]
tests/test_networking.py::test_gunicorn_conf_proxy_forwarded PASSED      [ 68%]
tests/test_networking.py::test_proxy_fix_applied_when_enabled PASSED     [ 68%]
tests/test_networking.py::test_proxy_fix_applied_by_default PASSED       [ 68%]
tests/test_networking.py::test_wsgi_exports_app PASSED                   [ 68%]
tests/test_networking.py::test_app_serves_http PASSED                    [ 68%]
tests/test_production.py::test_setup_page_accessible_before_setup PASSED [ 68%]
tests/test_production.py::test_setup_redirects_after_completion PASSED   [ 69%]
tests/test_production.py::test_setup_success PASSED                      [ 69%]
tests/test_production.py::test_setup_requires_min_password_length PASSED [ 69%]
tests/test_production.py::test_setup_rejects_password_mismatch PASSED    [ 69%]
tests/test_production.py::test_home_requires_login PASSED                [ 69%]
tests/test_production.py::test_create_page_requires_login PASSED         [ 69%]
tests/test_production.py::test_admin_settings_requires_login PASSED      [ 69%]
tests/test_production.py::test_delete_page_success PASSED                [ 69%]
tests/test_production.py::test_delete_home_page_is_blocked PASSED        [ 70%]
tests/test_production.py::test_delete_nonexistent_page_returns_404 PASSED [ 70%]
tests/test_production.py::test_create_page_success PASSED                [ 70%]
tests/test_production.py::test_create_page_generates_unique_slug PASSED  [ 70%]
tests/test_production.py::test_view_history_entry PASSED                 [ 70%]
tests/test_production.py::test_view_history_entry_wrong_slug_returns_404 PASSED [ 70%]
tests/test_production.py::test_admin_generate_invite_code PASSED         [ 70%]
tests/test_production.py::test_admin_delete_invite_code PASSED           [ 71%]
tests/test_production.py::test_admin_codes_page_renders PASSED           [ 71%]
tests/test_production.py::test_admin_codes_expired_page_renders PASSED   [ 71%]
tests/test_production.py::test_admin_create_user_success PASSED          [ 71%]
tests/test_production.py::test_admin_suspend_user PASSED                 [ 71%]
tests/test_production.py::test_admin_unsuspend_user PASSED               [ 71%]
tests/test_production.py::test_suspended_user_cannot_login PASSED        [ 71%]
tests/test_production.py::test_admin_cannot_suspend_last_admin PASSED    [ 71%]
tests/test_production.py::test_admin_users_filter_by_role PASSED         [ 72%]
tests/test_production.py::test_admin_users_filter_by_status PASSED       [ 72%]
tests/test_production.py::test_api_save_draft PASSED                     [ 72%]
tests/test_production.py::test_api_save_draft_missing_page_id PASSED     [ 72%]
tests/test_production.py::test_api_save_draft_invalid_page_id PASSED     [ 72%]
tests/test_production.py::test_api_save_draft_nonexistent_page PASSED    [ 72%]
tests/test_production.py::test_api_load_draft_no_draft PASSED            [ 72%]
tests/test_production.py::test_api_load_draft_existing_draft PASSED      [ 72%]
tests/test_production.py::test_api_transfer_draft PASSED                 [ 73%]
tests/test_production.py::test_api_transfer_draft_from_self_blocked PASSED [ 73%]
tests/test_production.py::test_api_transfer_draft_missing_source_returns_404 PASSED [ 73%]
tests/test_production.py::test_api_preview_returns_html PASSED           [ 73%]
tests/test_production.py::test_api_preview_empty_content PASSED          [ 73%]
tests/test_production.py::test_api_preview_requires_login PASSED         [ 73%]
tests/test_production.py::test_announcement_visible_to_logged_out_user PASSED [ 73%]
tests/test_production.py::test_announcement_logged_in_only_hidden_from_guests PASSED [ 73%]
tests/test_production.py::test_announcement_logged_out_only_hidden_from_logged_in PASSED [ 74%]
tests/test_production.py::test_inactive_announcement_returns_404 PASSED  [ 74%]
tests/test_production.py::test_nonexistent_announcement_returns_404 PASSED [ 74%]
tests/test_production.py::test_list_categories_empty PASSED              [ 74%]
tests/test_production.py::test_list_categories_returns_created PASSED    [ 74%]
tests/test_production.py::test_get_category_tree_empty PASSED            [ 74%]
tests/test_production.py::test_get_category_tree_with_categories PASSED  [ 74%]
tests/test_production.py::test_get_page_by_id PASSED                     [ 75%]
tests/test_production.py::test_get_page_nonexistent_returns_none PASSED  [ 75%]
tests/test_production.py::test_transfer_draft_db_helper PASSED           [ 75%]
tests/test_production.py::test_account_change_password_success PASSED    [ 75%]
tests/test_production.py::test_account_change_password_wrong_current PASSED [ 75%]
tests/test_production.py::test_account_change_password_too_short PASSED  [ 75%]
tests/test_production.py::test_count_pages_in_category PASSED            [ 75%]
tests/test_production.py::test_admin_edit_user_unknown_action PASSED     [ 75%]
tests/test_production.py::test_admin_edit_nonexistent_user_returns_404 PASSED [ 76%]
tests/test_production.py::test_render_markdown_via_preview PASSED        [ 76%]
tests/test_production.py::test_validate_invite_code_valid PASSED         [ 76%]
tests/test_production.py::test_validate_invite_code_invalid PASSED       [ 76%]
tests/test_production.py::test_validate_invite_code_used PASSED          [ 76%]
tests/test_production.py::test_count_admins_with_one_admin PASSED        [ 76%]
tests/test_production.py::test_count_admins_with_multiple PASSED         [ 76%]
tests/test_production.py::test_export_own_data_returns_zip PASSED        [ 76%]
tests/test_production.py::test_export_own_data_zip_contains_expected_files PASSED [ 77%]
tests/test_production.py::test_export_own_data_account_json_no_password PASSED [ 77%]
tests/test_production.py::test_export_own_data_requires_login PASSED     [ 77%]
tests/test_production.py::test_admin_export_user_data PASSED             [ 77%]
tests/test_production.py::test_admin_export_user_data_contains_account_json PASSED [ 77%]
tests/test_production.py::test_admin_export_nonexistent_user_returns_404 PASSED [ 77%]
tests/test_production.py::test_admin_export_requires_admin PASSED        [ 77%]
tests/test_production.py::test_export_includes_contributions PASSED      [ 78%]
tests/test_rate_limiting.py::test_rl_check_allows_within_limit PASSED    [ 78%]
tests/test_rate_limiting.py::test_rl_check_blocks_over_limit PASSED      [ 78%]
tests/test_rate_limiting.py::test_rl_check_different_ips_are_independent PASSED [ 78%]
tests/test_rate_limiting.py::test_rl_check_different_buckets_are_independent PASSED [ 78%]
tests/test_rate_limiting.py::test_signup_rate_limited PASSED             [ 78%]
tests/test_rate_limiting.py::test_api_preview_rate_limited PASSED        [ 78%]
tests/test_rate_limiting.py::test_upload_rate_limited PASSED             [ 78%]
tests/test_rate_limiting.py::test_global_rate_limit PASSED               [ 79%]
tests/test_rate_limiting.py::test_global_rate_limit_json_response PASSED [ 79%]
tests/test_rate_limiting.py::test_global_rate_limit_logged_in_user_renders_429 PASSED [ 79%]
tests/test_rate_limiting.py::test_429_error_handler PASSED               [ 79%]
tests/test_sync.py::test_sync_config_defaults PASSED                     [ 79%]
tests/test_sync.py::test_sync_disabled_by_default PASSED                 [ 79%]
tests/test_sync.py::test_sync_enabled_when_configured PASSED             [ 79%]
tests/test_sync.py::test_sync_disabled_without_token PASSED              [ 79%]
tests/test_sync.py::test_sync_disabled_without_userid PASSED             [ 80%]
tests/test_sync.py::test_notify_change_noop_when_disabled PASSED         [ 80%]
tests/test_sync.py::test_notify_change_queues_when_enabled PASSED        [ 80%]
tests/test_sync.py::test_notify_change_debounces_multiple_calls PASSED   [ 80%]
tests/test_sync.py::test_create_backup_produces_valid_zip PASSED         [ 80%]
tests/test_sync.py::test_create_backup_always_includes_all PASSED        [ 80%]
tests/test_sync.py::test_create_backup_excludes_gitkeep PASSED           [ 80%]
tests/test_sync.py::test_create_backup_excludes_large_log PASSED         [ 80%]
tests/test_sync.py::test_send_to_telegram_success PASSED                 [ 81%]
tests/test_sync.py::test_send_to_telegram_failure PASSED                 [ 81%]
tests/test_sync.py::test_send_to_telegram_oversized_file PASSED          [ 81%]
tests/test_sync.py::test_send_to_telegram_missing_credentials PASSED     [ 81%]
tests/test_sync.py::test_execute_backup_sends_and_cleans_up PASSED       [ 81%]
tests/test_sync.py::test_execute_backup_noop_when_no_changes PASSED      [ 81%]
tests/test_sync.py::test_signup_triggers_sync PASSED                     [ 81%]
tests/test_sync.py::test_create_page_triggers_sync PASSED                [ 82%]
tests/test_sync.py::test_admin_settings_triggers_sync PASSED             [ 82%]
tests/test_sync.py::test_no_sync_when_disabled PASSED                    [ 82%]
tests/test_sync.py::test_debounce_respects_min_interval PASSED           [ 82%]
tests/test_sync.py::test_debounce_uses_debounce_delay_when_no_recent_backup PASSED [ 82%]
tests/test_sync.py::test_telegram_caption_includes_excluded_files PASSED [ 82%]
tests/test_sync.py::test_debounce_max_wait_fires_soon_when_first_change_is_old PASSED [ 82%]
tests/test_sync.py::test_execute_backup_resets_first_pending_time PASSED [ 82%]
tests/test_sync.py::test_notify_file_upload_noop_when_disabled PASSED    [ 83%]
tests/test_sync.py::test_notify_file_upload_sends_immediately PASSED     [ 83%]
tests/test_sync.py::test_do_send_upload_stores_message_id PASSED         [ 83%]
tests/test_sync.py::test_do_send_upload_skips_missing_file PASSED        [ 83%]
tests/test_sync.py::test_do_send_upload_skips_oversized_file PASSED      [ 83%]
tests/test_sync.py::test_notify_file_deleted_noop_when_disabled PASSED   [ 83%]
tests/test_sync.py::test_notify_file_deleted_spawns_thread PASSED        [ 83%]
tests/test_sync.py::test_do_send_deletion_notice_replies_to_original PASSED [ 83%]
tests/test_sync.py::test_do_send_deletion_notice_no_reply_when_unknown PASSED [ 84%]
tests/test_sync.py::test_upload_msg_id_store_and_retrieve PASSED         [ 84%]
tests/test_sync.py::test_create_backup_excludes_attachments_from_zip PASSED [ 84%]
tests/test_sync.py::test_upload_attachment_triggers_sync PASSED          [ 84%]
tests/test_sync.py::test_delete_attachment_triggers_sync PASSED          [ 84%]
tests/test_sync.py::test_telegram_caption_excluded_by_size_limit PASSED  [ 84%]
tests/test_sync.py::test_deletion_notice_cleans_up_msg_id PASSED         [ 84%]
tests/test_sync.py::test_deletion_notice_failed_send_keeps_msg_id PASSED [ 84%]
tests/test_sync.py::test_delete_upload_msg_id_removes_only_target PASSED [ 85%]
tests/test_sync.py::test_delete_upload_msg_id_noop_when_no_store PASSED  [ 85%]
tests/test_sync.py::test_avatar_upload_triggers_notify_file_upload PASSED [ 85%]
tests/test_sync.py::test_avatar_remove_triggers_notify_file_deleted PASSED [ 85%]
tests/test_sync.py::test_admin_remove_avatar_triggers_notify_file_deleted PASSED [ 85%]
tests/test_sync.py::test_login_triggers_sync PASSED                      [ 85%]
tests/test_sync.py::test_cleanup_unused_uploads_triggers_notify_file_deleted PASSED [ 85%]
tests/test_sync.py::test_delete_own_account_triggers_avatar_notify_file_deleted PASSED [ 86%]
tests/test_sync.py::test_admin_delete_user_triggers_avatar_notify_file_deleted PASSED [ 86%]
tests/test_sync.py::test_favicon_upload_triggers_notify_file_upload PASSED [ 86%]
tests/test_user_profiles.py::test_own_profile_visible_without_published PASSED [ 86%]
tests/test_user_profiles.py::test_profile_404_for_unknown_username PASSED [ 86%]
tests/test_user_profiles.py::test_unpublished_profile_hidden_from_others PASSED [ 86%]
tests/test_user_profiles.py::test_admin_can_view_unpublished_profile PASSED [ 86%]
tests/test_user_profiles.py::test_update_profile_real_name_and_bio PASSED [ 86%]
tests/test_user_profiles.py::test_profile_bio_max_length_enforced PASSED [ 87%]
tests/test_user_profiles.py::test_publish_profile PASSED                 [ 87%]
tests/test_user_profiles.py::test_unpublish_profile PASSED               [ 87%]
tests/test_user_profiles.py::test_delete_profile_retains_contributions PASSED [ 87%]
tests/test_user_profiles.py::test_deleted_profile_not_in_published_list PASSED [ 87%]
tests/test_user_profiles.py::test_avatar_upload_invalid_type_rejected PASSED [ 87%]
tests/test_user_profiles.py::test_avatar_upload_too_large_rejected PASSED [ 87%]
tests/test_user_profiles.py::test_remove_avatar PASSED                   [ 87%]
tests/test_user_profiles.py::test_users_list_admin_sees_all PASSED       [ 88%]
tests/test_user_profiles.py::test_users_list_regular_sees_only_published PASSED [ 88%]
tests/test_user_profiles.py::test_users_list_search PASSED               [ 88%]
tests/test_user_profiles.py::test_users_list_search_no_results PASSED    [ 88%]
tests/test_user_profiles.py::test_published_profile_visible_to_others PASSED [ 88%]
tests/test_user_profiles.py::test_admin_badge_shown_on_profile PASSED    [ 88%]
tests/test_user_profiles.py::test_user_role_badge_shown PASSED           [ 88%]
tests/test_user_profiles.py::test_sidebar_people_appears_when_profiles_published PASSED [ 89%]
tests/test_user_profiles.py::test_sidebar_people_absent_when_no_published_profiles PASSED [ 89%]
tests/test_user_profiles.py::test_contribution_heatmap_present_on_profile PASSED [ 89%]
tests/test_user_profiles.py::test_contribution_counts_after_edit PASSED  [ 89%]
tests/test_user_profiles.py::test_admin_can_edit_other_user_profile PASSED [ 89%]
tests/test_user_profiles.py::test_admin_can_disable_user_profile PASSED  [ 89%]
tests/test_user_profiles.py::test_admin_can_reenable_user_profile PASSED [ 89%]
tests/test_user_profiles.py::test_admin_can_delete_user_profile PASSED   [ 89%]
tests/test_user_profiles.py::test_admin_remove_avatar_for_user PASSED    [ 90%]
tests/test_user_profiles.py::test_disabled_profile_cannot_be_published_by_user PASSED [ 90%]
tests/test_user_profiles.py::test_admin_moderation_requires_admin PASSED [ 90%]
tests/test_user_profiles.py::test_admin_cannot_edit_protected_admin_profile PASSED [ 90%]
tests/test_user_profiles.py::test_admin_cannot_disable_protected_admin_profile PASSED [ 90%]
tests/test_user_profiles.py::test_admin_cannot_delete_protected_admin_profile PASSED [ 90%]
tests/test_user_profiles.py::test_admin_cannot_remove_avatar_of_protected_admin PASSED [ 90%]
tests/test_user_profiles.py::test_protected_admin_can_edit_own_profile_via_admin PASSED [ 90%]
tests/test_user_profiles.py::test_member_since_badge_on_profile PASSED   [ 91%]
tests/test_user_profiles.py::test_role_change_recorded_on_admin_change PASSED [ 91%]
tests/test_user_profiles.py::test_role_history_shown_to_admin PASSED     [ 91%]
tests/test_user_profiles.py::test_role_history_shown_to_own_user PASSED  [ 91%]
tests/test_user_profiles.py::test_role_history_not_shown_when_empty PASSED [ 91%]
tests/test_user_profiles.py::test_admin_add_custom_tag PASSED            [ 91%]
tests/test_user_profiles.py::test_admin_update_custom_tag PASSED         [ 91%]
tests/test_user_profiles.py::test_admin_delete_custom_tag PASSED         [ 91%]
tests/test_user_profiles.py::test_admin_reorder_custom_tags PASSED       [ 92%]
tests/test_user_profiles.py::test_custom_tags_shown_on_profile PASSED    [ 92%]
tests/test_user_profiles.py::test_non_admin_cannot_manage_tags PASSED    [ 92%]
tests/test_user_profiles.py::test_add_tag_empty_label_rejected PASSED    [ 92%]
tests/test_user_profiles.py::test_add_tag_invalid_color_rejected PASSED  [ 92%]
tests/test_user_profiles.py::test_cannot_manage_tags_on_protected_admin PASSED [ 92%]
tests/test_user_profiles.py::test_manage_custom_tags_section_visible_to_admin PASSED [ 92%]
tests/test_user_profiles.py::test_manage_custom_tags_section_hidden_from_non_admin PASSED [ 93%]
tests/test_user_profiles.py::test_profile_with_no_created_at_does_not_crash PASSED [ 93%]
tests/test_user_profiles.py::test_delete_tag_wrong_id PASSED             [ 93%]
tests/test_user_profiles.py::test_update_tag_wrong_user PASSED           [ 93%]
tests/test_user_profiles.py::test_reorder_tags_invalid_ids_rejected PASSED [ 93%]
tests/test_user_profiles.py::test_reorder_tags_valid_ids PASSED          [ 93%]
tests/test_user_profiles.py::test_tag_id_none_does_not_crash PASSED      [ 93%]
tests/test_user_profiles.py::test_role_change_recorded_on_protected_admin_toggle PASSED [ 93%]
tests/test_user_profiles.py::test_admin_deattribute_single_contribution PASSED [ 94%]
tests/test_user_profiles.py::test_admin_deattribute_all_contributions PASSED [ 94%]
tests/test_user_profiles.py::test_admin_mass_reattribute_contributions PASSED [ 94%]
tests/test_user_profiles.py::test_mass_reattribute_to_same_user_rejected PASSED [ 94%]
tests/test_user_profiles.py::test_mass_reattribute_invalid_target_rejected PASSED [ 94%]
tests/test_user_profiles.py::test_admin_delete_role_history_entry PASSED [ 94%]
tests/test_user_profiles.py::test_admin_delete_all_role_history PASSED   [ 94%]
tests/test_user_profiles.py::test_delete_role_history_wrong_user_rejected PASSED [ 94%]
tests/test_user_profiles.py::test_non_admin_cannot_manage_attributions PASSED [ 95%]
tests/test_user_profiles.py::test_attributions_protected_admin_restriction PASSED [ 95%]
tests/test_user_profiles.py::test_deattribute_invalid_entry_id PASSED    [ 95%]
tests/test_user_profiles.py::test_deattribute_entry_wrong_user PASSED    [ 95%]
tests/test_user_profiles.py::test_page_history_deattribute_button PASSED [ 95%]
tests/test_user_profiles.py::test_page_history_deattribute_entry PASSED  [ 95%]
tests/test_user_profiles.py::test_deattributed_entry_shows_removed_in_history PASSED [ 95%]
tests/test_user_profiles.py::test_profile_shows_deattribute_buttons_to_admin PASSED [ 95%]
tests/test_user_profiles.py::test_non_admin_no_deattribute_buttons PASSED [ 96%]
tests/test_video_embedding_and_session_limit.py::TestEmbedVideosInHtml::test_youtube_watch_url_is_embedded PASSED [ 96%]
tests/test_video_embedding_and_session_limit.py::TestEmbedVideosInHtml::test_youtube_short_url_is_embedded PASSED [ 96%]
tests/test_video_embedding_and_session_limit.py::TestEmbedVideosInHtml::test_vimeo_url_is_embedded PASSED [ 96%]
tests/test_video_embedding_and_session_limit.py::TestEmbedVideosInHtml::test_non_video_link_not_affected PASSED [ 96%]
tests/test_video_embedding_and_session_limit.py::TestEmbedVideosInHtml::test_youtube_link_with_custom_text_not_embedded PASSED [ 96%]
tests/test_video_embedding_and_session_limit.py::TestEmbedVideosInHtml::test_render_markdown_embed_videos_false PASSED [ 96%]
tests/test_video_embedding_and_session_limit.py::TestEmbedVideosInHtml::test_render_markdown_embed_videos_true_bare_url PASSED [ 97%]
tests/test_video_embedding_and_session_limit.py::TestEmbedVideosInHtml::test_render_markdown_embed_videos_true_linked_url PASSED [ 97%]
tests/test_video_embedding_and_session_limit.py::TestVideoEmbedSetting::test_page_always_embeds_video PASSED [ 97%]
tests/test_video_embedding_and_session_limit.py::TestVideoEmbedSetting::test_settings_page_has_no_video_embed_checkbox PASSED [ 97%]
tests/test_video_embedding_and_session_limit.py::TestPreviewApiVideoEmbed::test_preview_api_embeds_youtube_video PASSED [ 97%]
tests/test_video_embedding_and_session_limit.py::TestPreviewApiVideoEmbed::test_preview_api_embeds_vimeo_video PASSED [ 97%]
tests/test_video_embedding_and_session_limit.py::TestSessionLimitSetting::test_session_limit_enabled_by_default PASSED [ 97%]
tests/test_video_embedding_and_session_limit.py::TestSessionLimitSetting::test_admin_can_enable_session_limit PASSED [ 97%]
tests/test_video_embedding_and_session_limit.py::TestSessionLimitSetting::test_settings_page_has_session_limit_checkbox PASSED [ 98%]
tests/test_video_embedding_and_session_limit.py::TestSessionLimitSetting::test_session_token_set_on_login_when_limit_enabled PASSED [ 98%]
tests/test_video_embedding_and_session_limit.py::TestSessionLimitSetting::test_session_token_not_set_on_login_when_limit_disabled PASSED [ 98%]
tests/test_video_embedding_and_session_limit.py::TestSessionLimitSetting::test_second_login_invalidates_first_session PASSED [ 98%]
tests/test_video_embedding_and_session_limit.py::TestSessionLimitSetting::test_session_limit_disabled_allows_multiple_sessions PASSED [ 98%]
tests/test_video_embedding_and_session_limit.py::TestSessionConflictPage::test_session_conflict_page_loads PASSED [ 98%]
tests/test_video_embedding_and_session_limit.py::TestSessionConflictPage::test_session_conflict_page_has_form PASSED [ 98%]
tests/test_video_embedding_and_session_limit.py::TestSessionConflictPage::test_session_conflict_force_with_wrong_password PASSED [ 98%]
tests/test_video_embedding_and_session_limit.py::TestSessionConflictPage::test_session_conflict_force_with_correct_credentials PASSED [ 99%]
tests/test_video_embedding_and_session_limit.py::TestSessionConflictPage::test_session_conflict_redirected_on_token_mismatch PASSED [ 99%]
tests/test_video_embedding_and_session_limit.py::TestEmbedVideoEditorUI::test_embed_video_button_in_editor PASSED [ 99%]
tests/test_video_embedding_and_session_limit.py::TestEmbedVideoEditorUI::test_embed_video_modal_in_editor PASSED [ 99%]
tests/test_video_embedding_and_session_limit.py::TestEmbedVideoEditorUI::test_video_url_inserted_bare_renders_as_embed PASSED [ 99%]
tests/test_video_embedding_and_session_limit.py::TestEditImageModalUI::test_image_options_modal_in_editor PASSED [ 99%]
tests/test_video_embedding_and_session_limit.py::TestEditImageModalUI::test_image_options_modal_has_alignment_buttons PASSED [ 99%]
tests/test_video_embedding_and_session_limit.py::TestEditImageModalUI::test_edit_image_js_function_exists PASSED [100%]

======================= 773 passed in 180.05s (0:03:00) ========================
